// Jest Snapshot v1, https://goo.gl/fbAQLP

exports[`Form container matches a snapshot of Form.jsx 1`] = `
<section>
  <form
    onSubmit={[Function]}
  >
    <input
      name="URL"
      onChange={[Function]}
      type="text"
      value="https://xfiles-api.herokuapp.com/api/v1/characters"
    />
    <button>
      Go
    </button>
    <label>
      Get: 
      <input
        name="urlSearch"
        onChange={[Function]}
        type="radio"
        value="GET"
      />
      Post:
      <input
        name="urlSearch"
        onChange={[Function]}
        type="radio"
        value="POST"
      />
      Put:
      <input
        name="urlSearch"
        onChange={[Function]}
        type="radio"
        value="PUT"
      />
      Patch:
      <input
        name="urlSearch"
        onChange={[Function]}
        type="radio"
        value="PATCH"
      />
      Delete: 
      <input
        name="urlSearch"
        onChange={[Function]}
        type="radio"
        value="DELETE"
      />
    </label>
    <textarea
      name="RawJsonBody"
      onChange={[Function]}
      value="JSON body"
    >
       
    </textarea>
  </form>
</section>
`;
